INFO:root:Go here /Users/edwardakorlie/Library/Caches/citylearn/v2.5.0/datasets/citylearn_challenge_2022_phase_1/schema.json 
=== Training SAC seed 0 (150000 steps) ===
Using cpu device
Wrapping the env in a DummyVecEnv.
----------------------------------
| rollout/           |           |
|    ep_len_mean     | 6.55e+03  |
|    ep_rew_mean     | -2.14e+03 |
| time/              |           |
|    episodes        | 4         |
|    fps             | 107       |
|    time_elapsed    | 242       |
|    total_timesteps | 26204     |
| train/             |           |
|    actor_loss      | 32.9      |
|    critic_loss     | 0.813     |
|    ent_coef        | 0.03      |
|    ent_coef_loss   | -0.208    |
|    learning_rate   | 0.0003    |
|    n_updates       | 26103     |
----------------------------------
----------------------------------
| rollout/           |           |
|    ep_len_mean     | 6.55e+03  |
|    ep_rew_mean     | -2.11e+03 |
| time/              |           |
|    episodes        | 8         |
|    fps             | 101       |
|    time_elapsed    | 515       |
|    total_timesteps | 52408     |
| train/             |           |
|    actor_loss      | 43.6      |
|    critic_loss     | 0.495     |
|    ent_coef        | 0.0269    |
|    ent_coef_loss   | 0.0707    |
|    learning_rate   | 0.0003    |
|    n_updates       | 52307     |
----------------------------------
---------------------------------
| rollout/           |          |
|    ep_len_mean     | 6.55e+03 |
|    ep_rew_mean     | -2.1e+03 |
| time/              |          |
|    episodes        | 12       |
|    fps             | 100      |
|    time_elapsed    | 783      |
|    total_timesteps | 78612    |
| train/             |          |
|    actor_loss      | 45.1     |
|    critic_loss     | 0.459    |
|    ent_coef        | 0.0238   |
|    ent_coef_loss   | 0.0572   |
|    learning_rate   | 0.0003   |
|    n_updates       | 78511    |
---------------------------------
---------------------------------
| rollout/           |          |
|    ep_len_mean     | 6.55e+03 |
|    ep_rew_mean     | -2.1e+03 |
| time/              |          |
|    episodes        | 16       |
|    fps             | 97       |
|    time_elapsed    | 1073     |
|    total_timesteps | 104816   |
| train/             |          |
|    actor_loss      | 44.9     |
|    critic_loss     | 0.336    |
|    ent_coef        | 0.0204   |
|    ent_coef_loss   | -0.286   |
|    learning_rate   | 0.0003   |
|    n_updates       | 104715   |
---------------------------------
----------------------------------
| rollout/           |           |
|    ep_len_mean     | 6.55e+03  |
|    ep_rew_mean     | -2.09e+03 |
| time/              |           |
|    episodes        | 20        |
|    fps             | 96        |
|    time_elapsed    | 1358      |
|    total_timesteps | 131020    |
| train/             |           |
|    actor_loss      | 42.6      |
|    critic_loss     | 0.178     |
|    ent_coef        | 0.0173    |
|    ent_coef_loss   | 0.347     |
|    learning_rate   | 0.0003    |
|    n_updates       | 130919    |
----------------------------------
INFO:root:Go here /Users/edwardakorlie/Library/Caches/citylearn/v2.5.0/datasets/citylearn_challenge_2022_phase_1/schema.json 
Saved: /Users/edwardakorlie/Documents/MSC_PROJECT_WORK/reinforcementProject/results/models/sac_seed0.zip
=== Training SAC seed 1 (150000 steps) ===
Using cpu device
Wrapping the env in a DummyVecEnv.
----------------------------------
| rollout/           |           |
|    ep_len_mean     | 6.55e+03  |
|    ep_rew_mean     | -2.15e+03 |
| time/              |           |
|    episodes        | 4         |
|    fps             | 93        |
|    time_elapsed    | 279       |
|    total_timesteps | 26204     |
| train/             |           |
|    actor_loss      | 33.3      |
|    critic_loss     | 0.595     |
|    ent_coef        | 0.0296    |
|    ent_coef_loss   | -0.0862   |
|    learning_rate   | 0.0003    |
|    n_updates       | 26103     |
----------------------------------
----------------------------------
| rollout/           |           |
|    ep_len_mean     | 6.55e+03  |
|    ep_rew_mean     | -2.12e+03 |
| time/              |           |
|    episodes        | 8         |
|    fps             | 98        |
|    time_elapsed    | 532       |
|    total_timesteps | 52408     |
| train/             |           |
|    actor_loss      | 45.8      |
|    critic_loss     | 0.98      |
|    ent_coef        | 0.0262    |
|    ent_coef_loss   | -0.45     |
|    learning_rate   | 0.0003    |
|    n_updates       | 52307     |
----------------------------------
----------------------------------
| rollout/           |           |
|    ep_len_mean     | 6.55e+03  |
|    ep_rew_mean     | -2.11e+03 |
| time/              |           |
|    episodes        | 12        |
|    fps             | 99        |
|    time_elapsed    | 787       |
|    total_timesteps | 78612     |
| train/             |           |
|    actor_loss      | 47.7      |
|    critic_loss     | 0.446     |
|    ent_coef        | 0.0227    |
|    ent_coef_loss   | -0.759    |
|    learning_rate   | 0.0003    |
|    n_updates       | 78511     |
----------------------------------
---------------------------------
| rollout/           |          |
|    ep_len_mean     | 6.55e+03 |
|    ep_rew_mean     | -2.1e+03 |
| time/              |          |
|    episodes        | 16       |
|    fps             | 97       |
|    time_elapsed    | 1073     |
|    total_timesteps | 104816   |
| train/             |          |
|    actor_loss      | 47.2     |
|    critic_loss     | 0.38     |
|    ent_coef        | 0.0195   |
|    ent_coef_loss   | 0.0181   |
|    learning_rate   | 0.0003   |
|    n_updates       | 104715   |
---------------------------------
---------------------------------
| rollout/           |          |
|    ep_len_mean     | 6.55e+03 |
|    ep_rew_mean     | -2.1e+03 |
| time/              |          |
|    episodes        | 20       |
|    fps             | 96       |
|    time_elapsed    | 1359     |
|    total_timesteps | 131020   |
| train/             |          |
|    actor_loss      | 43.4     |
|    critic_loss     | 0.236    |
|    ent_coef        | 0.0173   |
|    ent_coef_loss   | 0.245    |
|    learning_rate   | 0.0003   |
|    n_updates       | 130919   |
---------------------------------
INFO:root:Go here /Users/edwardakorlie/Library/Caches/citylearn/v2.5.0/datasets/citylearn_challenge_2022_phase_1/schema.json 
Saved: /Users/edwardakorlie/Documents/MSC_PROJECT_WORK/reinforcementProject/results/models/sac_seed1.zip
=== Training SAC seed 2 (150000 steps) ===
Using cpu device
Wrapping the env in a DummyVecEnv.
----------------------------------
| rollout/           |           |
|    ep_len_mean     | 6.55e+03  |
|    ep_rew_mean     | -2.14e+03 |
| time/              |           |
|    episodes        | 4         |
|    fps             | 13        |
|    time_elapsed    | 1965      |
|    total_timesteps | 26204     |
| train/             |           |
|    actor_loss      | 32.5      |
|    critic_loss     | 0.646     |
|    ent_coef        | 0.0283    |
|    ent_coef_loss   | -0.0765   |
|    learning_rate   | 0.0003    |
|    n_updates       | 26103     |
----------------------------------
----------------------------------
| rollout/           |           |
|    ep_len_mean     | 6.55e+03  |
|    ep_rew_mean     | -2.11e+03 |
| time/              |           |
|    episodes        | 8         |
|    fps             | 23        |
|    time_elapsed    | 2208      |
|    total_timesteps | 52408     |
| train/             |           |
|    actor_loss      | 43.7      |
|    critic_loss     | 0.439     |
|    ent_coef        | 0.0218    |
|    ent_coef_loss   | -0.337    |
|    learning_rate   | 0.0003    |
|    n_updates       | 52307     |
----------------------------------
---------------------------------
| rollout/           |          |
|    ep_len_mean     | 6.55e+03 |
|    ep_rew_mean     | -2.1e+03 |
| time/              |          |
|    episodes        | 12       |
|    fps             | 32       |
|    time_elapsed    | 2441     |
|    total_timesteps | 78612    |
| train/             |          |
|    actor_loss      | 46.5     |
|    critic_loss     | 0.346    |
|    ent_coef        | 0.0182   |
|    ent_coef_loss   | 0.113    |
|    learning_rate   | 0.0003   |
|    n_updates       | 78511    |
---------------------------------
---------------------------------
| rollout/           |          |
|    ep_len_mean     | 6.55e+03 |
|    ep_rew_mean     | -2.1e+03 |
| time/              |          |
|    episodes        | 16       |
|    fps             | 38       |
|    time_elapsed    | 2703     |
|    total_timesteps | 104816   |
| train/             |          |
|    actor_loss      | 47.1     |
|    critic_loss     | 0.473    |
|    ent_coef        | 0.0163   |
|    ent_coef_loss   | 0.0535   |
|    learning_rate   | 0.0003   |
|    n_updates       | 104715   |
---------------------------------
---------------------------------
| rollout/           |          |
|    ep_len_mean     | 6.55e+03 |
|    ep_rew_mean     | -2.1e+03 |
| time/              |          |
|    episodes        | 20       |
|    fps             | 44       |
|    time_elapsed    | 2958     |
|    total_timesteps | 131020   |
| train/             |          |
|    actor_loss      | 45.1     |
|    critic_loss     | 0.297    |
|    ent_coef        | 0.014    |
|    ent_coef_loss   | -0.331   |
|    learning_rate   | 0.0003   |
|    n_updates       | 130919   |
---------------------------------
Saved: /Users/edwardakorlie/Documents/MSC_PROJECT_WORK/reinforcementProject/results/models/sac_seed2.zip
